72 tools exposed; resolved 13:
  [ok  ] account              -> get_account_info
  [ok  ] activities           -> get_account_activities_by_type
  [ok  ] cancel_order         -> cancel_order_by_id
  [ok  ] most_active          -> get_most_active_stocks
  [ok  ] movers               -> get_market_movers
  [ok  ] option_chain         -> get_option_chain
  [ok  ] option_snapshot      -> get_option_snapshot
  [ok  ] order_by_client_id   -> get_order_by_client_id
  [ok  ] orders               -> get_orders
  [ok  ] place_option_order   -> place_option_order
  [ok  ] positions            -> get_all_positions
  [ok  ] stock_bars           -> get_stock_bars
  [ok  ] stock_quote          -> get_stock_latest_quote

*** COMPETITION ACCOUNT: orders here are scored ***

2026-09-02 08:35 ET - market closed, waiting
2026-09-02 08:36 ET - market closed, waiting
2026-09-02 08:37 ET - market closed, waiting
2026-09-02 08:38 ET - market closed, waiting
2026-09-02 08:39 ET - market closed, waiting
2026-09-02 08:40 ET - market closed, waiting
2026-09-02 08:41 ET - market closed, waiting
2026-09-02 08:42 ET - market closed, waiting
2026-09-02 08:43 ET - market closed, waiting
2026-09-02 08:44 ET - market closed, waiting
2026-09-02 08:45 ET - market closed, waiting
2026-09-02 08:46 ET - market closed, waiting
2026-09-02 08:47 ET - market closed, waiting
2026-09-02 08:48 ET - market closed, waiting
2026-09-02 08:49 ET - market closed, waiting
2026-09-02 08:50 ET - market closed, waiting
2026-09-02 08:51 ET - market closed, waiting
2026-09-02 08:52 ET - market closed, waiting
2026-09-02 08:53 ET - market closed, waiting
2026-09-02 08:54 ET - market closed, waiting
2026-09-02 08:55 ET - market closed, waiting
2026-09-02 08:56 ET - market closed, waiting
2026-09-02 08:57 ET - market closed, waiting
2026-09-02 08:58 ET - market closed, waiting
2026-09-02 08:59 ET - market closed, waiting
2026-09-02 09:00 ET - market closed, waiting
2026-09-02 09:01 ET - market closed, waiting
2026-09-02 09:02 ET - market closed, waiting
2026-09-02 09:03 ET - market closed, waiting
2026-09-02 09:04 ET - market closed, waiting
2026-09-02 09:05 ET - market closed, waiting
2026-09-02 09:06 ET - market closed, waiting
2026-09-02 09:07 ET - market closed, waiting
2026-09-02 09:08 ET - market closed, waiting
2026-09-02 09:09 ET - market closed, waiting
2026-09-02 09:10 ET - market closed, waiting
2026-09-02 09:11 ET - market closed, waiting
2026-09-02 09:12 ET - market closed, waiting
2026-09-02 09:13 ET - market closed, waiting
2026-09-02 09:14 ET - market closed, waiting
2026-09-02 09:15 ET - market closed, waiting
2026-09-02 09:16 ET - market closed, waiting
2026-09-02 09:17 ET - market closed, waiting
2026-09-02 09:18 ET - market closed, waiting
2026-09-02 09:19 ET - market closed, waiting
2026-09-02 09:20 ET - market closed, waiting
2026-09-02 09:21 ET - market closed, waiting
2026-09-02 09:22 ET - market closed, waiting
2026-09-02 09:23 ET - market closed, waiting
2026-09-02 09:24 ET - market closed, waiting
2026-09-02 09:25 ET - market closed, waiting
2026-09-02 09:26 ET - market closed, waiting
2026-09-02 09:27 ET - market closed, waiting
2026-09-02 09:28 ET - market closed, waiting
2026-09-02 09:29 ET - market closed, waiting

scanning the market for a universe...
  pool 100 -> priced 100 -> affordable 41 (max strike $249)
  thin market: 4 names cleared the gates, under the 6 PWT prefers. Trading them anyway -- they passed the same gates the configured list would have to.
  29 rejected by the gates before ranking
universe (4, scanned): INTC, PLTR, DRAM, NVDA
  NOTE: earnings are NOT verified for scanned names. Run with --no-scan to use the hand-checked list instead.

========================================================================
cycle 10  2026-09-02T09:31:05 ET   equity $99,627.53   deployed 83%   dd 0.00%

  gates: 0/4 candidates runnable
    x INTC   g6 portfolio_cap: deployed 91,150 > 85% cap 84,683; g2 position_cap: already holding thi
    x PLTR   g6 portfolio_cap: deployed 99,500 > 85% cap 84,683
    x NVDA   g6 portfolio_cap: deployed 104,250 > 85% cap 84,683
    x DRAM   g6 portfolio_cap: deployed 88,050 > 85% cap 84,683; g2 position_cap: already holding thi
  reconcile: no position change

  NO TRADE: no candidate passed all gates

  > Cycle 10 resulted in no trade because all four candidates (INTC, PLTR, NVDA, DRAM) failed the portfolio cap gate, with deployed capital exceeding the 85% limit. Additionally, INTC and DRAM were rejected for already being held in the portfolio.

========================================================================
cycle 11  2026-09-02T09:46:13 ET   equity $99,856.53   deployed 83%   dd 0.00%

  gates: 0/4 candidates runnable
    x INTC   g6 portfolio_cap: deployed 91,250 > 85% cap 84,878; g2 position_cap: already holding thi
    x PLTR   g6 portfolio_cap: deployed 99,750 > 85% cap 84,878
    x NVDA   g6 portfolio_cap: deployed 104,250 > 85% cap 84,878
    x DRAM   g6 portfolio_cap: deployed 88,150 > 85% cap 84,878
  reconcile: no position change

  NO TRADE: no candidate passed all gates

  > Cycle 11 resulted in no trade because the portfolio's deployed capital (approx. $99,856) exceeded the 85% risk cap for every candidate. Specifically, INTC failed due to both the portfolio cap and an existing position, while PLTR, NVDA, and DRAM all failed solely on the portfolio cap limit.

========================================================================
cycle 12  2026-09-02T10:01:21 ET   equity $99,852.53   deployed 83%   dd 0.00%

  gates: 0/4 candidates runnable
    x INTC   g6 portfolio_cap: deployed 91,250 > 85% cap 84,875; g2 position_cap: already holding thi
    x PLTR   g6 portfolio_cap: deployed 99,500 > 85% cap 84,875
    x NVDA   g6 portfolio_cap: deployed 104,250 > 85% cap 84,875
    x DRAM   g6 portfolio_cap: deployed 88,050 > 85% cap 84,875; g2 position_cap: already holding thi
  reconcile: no position change

  NO TRADE: no candidate passed all gates

  > Cycle 12 resulted in no trades because all four candidates (INTC, PLTR, NVDA, DRAM) failed the portfolio deployment cap gate, as the current deployed capital exceeded the 85% limit. INTC and DRAM additionally failed the position cap gate because those specific contracts were already held.

========================================================================
cycle 13  2026-09-02T10:17:13 ET   equity $99,900.53   deployed 83%   dd 0.00%

  gates: 0/4 candidates runnable
    x INTC   g6 portfolio_cap: deployed 91,250 > 85% cap 84,915; g2 position_cap: already holding thi
    x NVDA   g6 portfolio_cap: deployed 104,500 > 85% cap 84,915
    x PLTR   g6 portfolio_cap: deployed 99,500 > 85% cap 84,915
    x DRAM   g6 portfolio_cap: deployed 88,100 > 85% cap 84,915
  reconcile: no position change

  NO TRADE: no candidate passed all gates

  > Cycle 13 resulted in no trade because the portfolio's deployed capital of approximately 82% prevented any of the four candidates (INTC, NVDA, PLTR, DRAM) from passing the 85% portfolio cap gate. INTC additionally failed the position cap gate due to an existing holding in that specific contract.

========================================================================
cycle 14  2026-09-02T10:32:20 ET   equity $99,896.53   deployed 83%   dd 0.00%

  gates: 0/4 candidates runnable
    x INTC   g6 portfolio_cap: deployed 91,350 > 85% cap 84,912
    x NVDA   g6 portfolio_cap: deployed 104,500 > 85% cap 84,912
    x PLTR   g6 portfolio_cap: deployed 99,500 > 85% cap 84,912
    x DRAM   g6 portfolio_cap: deployed 88,100 > 85% cap 84,912
  reconcile: no position change

  NO TRADE: no candidate passed all gates

  > Cycle 14 was a no-trade cycle because all four candidates (INTC, NVDA, PLTR, DRAM) failed the portfolio cap gate. Each candidate's hypothetical deployed capital exceeded the 85% cap limit, preventing any trade from being executed.

========================================================================
cycle 15  2026-09-02T10:47:29 ET   equity $99,865.53   deployed 83%   dd 0.04%

  gates: 0/4 candidates runnable
    x INTC   g6 portfolio_cap: deployed 91,250 > 85% cap 84,886; g2 position_cap: already holding thi
    x NVDA   g6 portfolio_cap: deployed 104,750 > 85% cap 84,886
    x PLTR   g6 portfolio_cap: deployed 99,500 > 85% cap 84,886
    x DRAM   g6 portfolio_cap: deployed 88,100 > 85% cap 84,886
  reconcile: no position change

  NO TRADE: no candidate passed all gates

  > No trade was executed in cycle 15 because every scored candidate failed the portfolio cap gate, as current deployed capital exceeded the 85% limit for all four tickers. INTC additionally failed the position cap gate due to an existing holding in the same contract.

========================================================================
cycle 16  2026-09-02T11:02:37 ET   equity $99,822.53   deployed 83%   dd 0.08%

  gates: 0/4 candidates runnable
    x NVDA   g6 portfolio_cap: deployed 104,750 > 85% cap 84,849
    x INTC   g6 portfolio_cap: deployed 91,250 > 85% cap 84,849; g2 position_cap: already holding thi
    x PLTR   g6 portfolio_cap: deployed 99,500 > 85% cap 84,849
    x DRAM   g3 liquidity: spread $0.05 / 21% fails both tests; g3 min_credit: bid $0.21 < $0.25 floo
  reconcile: no position change

  NO TRADE: no candidate passed all gates

  > All four candidates failed the portfolio capital cap gate, as current deployed equity exceeded the 85% limit. Consequently, no trades were executed this cycle.

========================================================================
cycle 17  2026-09-02T11:17:45 ET   equity $99,715.53   deployed 83%   dd 0.19%

  gates: 0/4 candidates runnable
    x NVDA   g6 portfolio_cap: deployed 104,750 > 85% cap 84,758
    x INTC   g6 portfolio_cap: deployed 91,350 > 85% cap 84,758
    x PLTR   g6 portfolio_cap: deployed 99,250 > 85% cap 84,758
    x DRAM   g6 portfolio_cap: deployed 88,100 > 85% cap 84,758
  reconcile: no position change

  NO TRADE: no candidate passed all gates

  > Cycle 17 was a no-trade cycle because all four candidates (NVDA, INTC, PLTR, DRAM) failed the portfolio cap gate, as the projected deployed capital for each exceeded the 85% cap of $84,758.

scanning the market for a universe...
  pool 100 -> priced 100 -> affordable 37 (max strike $249)
  26 rejected by the gates before ranking
universe (6, scanned): ASTS, INTC, PLTR, DRAM, GDX, NVDA
  NOTE: earnings are NOT verified for scanned names. Run with --no-scan to use the hand-checked list instead.

========================================================================
cycle 18  2026-09-02T11:46:51 ET   equity $99,410.53   deployed 83%   dd 0.49%

  gates: 0/5 candidates runnable
    x PLTR   g6 portfolio_cap: deployed 98,750 > 85% cap 84,499
    x NVDA   g6 portfolio_cap: deployed 104,750 > 85% cap 84,499
    x INTC   g6 portfolio_cap: deployed 91,350 > 85% cap 84,499
    x ASTS   g3 liquidity: spread $0.11 / 23% fails both tests; g6 portfolio_cap: deployed 88,550 > 8
    x DRAM   g3 min_credit: bid $0.23 < $0.25 floor; g6 portfolio_cap: deployed 88,100 > 85% cap 84,4
  reconcile: no position change

  NO TRADE: no candidate passed all gates

  > Cycle 18 resulted in no trades because all five eligible candidates failed the 85% portfolio deployment cap, which was the binding constraint for every option. Additionally, ASTS and DRAM individually failed liquidity and minimum credit bid tests, respectively.

========================================================================
cycle 19  2026-09-02T12:02:02 ET   equity $99,432.53   deployed 83%   dd 0.47%

  gates: 0/4 candidates runnable
    x ASTS   g6 portfolio_cap: deployed 88,550 > 85% cap 84,518
    x NVDA   g6 portfolio_cap: deployed 105,000 > 85% cap 84,518
    x INTC   g6 portfolio_cap: deployed 91,350 > 85% cap 84,518
    x PLTR   g6 portfolio_cap: deployed 98,750 > 85% cap 84,518
  reconcile: no position change

  NO TRADE: no candidate passed all gates

  > Cycle 19 was a no-trade cycle because the portfolio's current deployed capital of 83.2% exceeded the 85% cap threshold for all four eligible candidates. Consequently, ASTS, NVDA, INTC, and PLTR were all rejected at the portfolio cap gate, leaving no runnable trades.

========================================================================
cycle 20  2026-09-02T12:17:10 ET   equity $99,318.53   deployed 83%   dd 0.58%

  gates: 0/4 candidates runnable
    x NVDA   g6 portfolio_cap: deployed 105,000 > 85% cap 84,421
    x ASTS   g3 liquidity: spread $0.08 / 21% fails both tests; g6 portfolio_cap: deployed 88,550 > 8
    x PLTR   g6 portfolio_cap: deployed 98,750 > 85% cap 84,421
    x INTC   g6 portfolio_cap: deployed 91,450 > 85% cap 84,421
  reconcile: no position change

  NO TRADE: no candidate passed all gates

  > No trade was executed because all four eligible candidates failed the portfolio cap gate, as the current deployed capital of $105,000 exceeded the 85% limit of $84,421.

========================================================================
cycle 21  2026-09-02T12:32:20 ET   equity $99,478.53   deployed 83%   dd 0.42%

  gates: 0/4 candidates runnable
    x ASTS   g3 liquidity: spread $0.11 / 24% fails both tests; g6 portfolio_cap: deployed 88,550 > 8
    x NVDA   g6 portfolio_cap: deployed 105,000 > 85% cap 84,557
    x PLTR   g6 portfolio_cap: deployed 98,750 > 85% cap 84,557
    x INTC   g6 portfolio_cap: deployed 91,450 > 85% cap 84,557
  reconcile: no position change

  NO TRADE: no candidate passed all gates

  > No trade was executed because all four eligible candidates failed the portfolio cap gate, as their hypothetical positions would have pushed total deployment above the 85% limit. ASTS additionally failed the liquidity gate due to a wide spread, but the primary binding constraint for the entire set was the existing high level of capital deployment.

========================================================================
cycle 22  2026-09-02T12:47:40 ET   equity $99,513.53   deployed 83%   dd 0.39%

  gates: 0/4 candidates runnable
    x ASTS   g6 portfolio_cap: deployed 88,550 > 85% cap 84,587
    x NVDA   g6 portfolio_cap: deployed 104,750 > 85% cap 84,587
    x PLTR   g6 portfolio_cap: deployed 98,750 > 85% cap 84,587
    x INTC   g6 portfolio_cap: deployed 91,450 > 85% cap 84,587
  reconcile: no position change

  NO TRADE: no candidate passed all gates

  > Cycle 22 resulted in no trades because all four eligible candidates—ASTS, NVDA, PLTR, and INTC—failed the portfolio cap gate, as adding any of them would push total deployed capital above the 85% limit of $84,587.

========================================================================
cycle 23  2026-09-02T13:03:02 ET   equity $99,548.53   deployed 83%   dd 0.35%

  gates: 0/4 candidates runnable
    x ASTS   g3 liquidity: spread $0.12 / 26% fails both tests; g6 portfolio_cap: deployed 88,550 > 8
    x NVDA   g6 portfolio_cap: deployed 104,750 > 85% cap 84,616
    x INTC   g6 portfolio_cap: deployed 91,450 > 85% cap 84,616
    x PLTR   g6 portfolio_cap: deployed 99,000 > 85% cap 84,616
  reconcile: no position change

  NO TRADE: no candidate passed all gates

  > No trade was executed because every candidate failed the portfolio cap gate, as the current deployed capital of $88,550 exceeded the 85% limit of $84,616. ASTS also failed the liquidity gate due to a wide spread, but the binding constraint for all four eligible tickers was the insufficient headroom under the deployment cap.

========================================================================
cycle 24  2026-09-02T13:18:14 ET   equity $99,512.53   deployed 83%   dd 0.39%

  gates: 0/4 candidates runnable
    x ASTS   g6 portfolio_cap: deployed 88,550 > 85% cap 84,586
    x INTC   g6 portfolio_cap: deployed 91,450 > 85% cap 84,586
    x NVDA   g6 portfolio_cap: deployed 104,750 > 85% cap 84,586
    x PLTR   g6 portfolio_cap: deployed 99,000 > 85% cap 84,586
  reconcile: no position change

  NO TRADE: no candidate passed all gates

  > Cycle 24 resulted in no trade because all four eligible candidates (ASTS, INTC, NVDA, PLTR) failed the portfolio cap gate. The agent determined that adding any of these positions would push total deployed capital above the 85% limit, as the current deployment of approximately $83,155 left insufficient room for the required position sizes.
