72 tools exposed; resolved 13:
  [ok  ] account              -> get_account_info
  [ok  ] activities           -> get_account_activities_by_type
  [ok  ] cancel_order         -> cancel_order_by_id
  [ok  ] most_active          -> get_most_active_stocks
  [ok  ] movers               -> get_market_movers
  [ok  ] option_chain         -> get_option_chain
  [ok  ] option_snapshot      -> get_option_snapshot
  [ok  ] order_by_client_id   -> get_order_by_client_id
  [ok  ] orders               -> get_orders
  [ok  ] place_option_order   -> place_option_order
  [ok  ] positions            -> get_all_positions
  [ok  ] stock_bars           -> get_stock_bars
  [ok  ] stock_quote          -> get_stock_latest_quote

*** COMPETITION ACCOUNT: orders here are scored ***

universe (11): NVDA, IBM, CVX, PLTR, XOM, PEP, CSCO, DIS, INTC, GM, UBER
2026-09-01 07:01 ET - market closed, waiting
2026-09-01 07:02 ET - market closed, waiting
2026-09-01 07:03 ET - market closed, waiting
2026-09-01 07:04 ET - market closed, waiting
2026-09-01 07:05 ET - market closed, waiting
2026-09-01 07:06 ET - market closed, waiting
2026-09-01 07:07 ET - market closed, waiting
2026-09-01 07:08 ET - market closed, waiting
2026-09-01 07:09 ET - market closed, waiting
2026-09-01 07:10 ET - market closed, waiting
2026-09-01 07:11 ET - market closed, waiting
2026-09-01 07:12 ET - market closed, waiting
