2026-09-01 19:00:12  supervisor starting -- account: COMPETITION (scored)
2026-09-01 19:00:12  will stop at 2026-09-03 20:00:00Z (Thu 3 Sep 16:00 ET)
2026-09-01 19:00:12  launching: python run.py --comp --no-scan
2026-09-01 19:13:06  supervisor starting -- account: COMPETITION (scored)
2026-09-01 19:13:06  will stop at 2026-09-03 20:00:00Z (Thu 3 Sep 16:00 ET)
2026-09-01 19:13:06  launching: python run.py --comp
2026-09-01 23:05:52  supervisor starting -- account: COMPETITION (scored)
2026-09-01 23:05:52  will stop at 2026-09-03 20:00:00Z (Thu 3 Sep 16:00 ET)
2026-09-01 23:05:52  launching: python run.py --comp
2026-09-01 23:19:24  supervisor starting -- account: COMPETITION (scored)
2026-09-01 23:19:24  will stop at 2026-09-03 20:00:00Z (Thu 3 Sep 16:00 ET)
2026-09-01 23:19:24  launching: python run.py --comp
2026-09-01 23:33:57  supervisor starting -- account: COMPETITION (scored)
2026-09-01 23:33:57  will stop at 2026-09-03 20:00:00Z (Thu 3 Sep 16:00 ET)
2026-09-01 23:33:57  launching: python run.py --comp
2026-09-02 00:50:08  supervisor starting -- account: COMPETITION (scored)
2026-09-02 00:50:09  will stop at 2026-09-03 20:00:00Z (Thu 3 Sep 16:00 ET)
2026-09-02 00:50:09  launching: python run.py --comp
2026-09-02 00:55:42  supervisor starting -- account: COMPETITION (scored)
2026-09-02 00:55:42  will stop at 2026-09-03 20:00:00Z (Thu 3 Sep 16:00 ET)
2026-09-02 00:55:42  launching: python run.py --comp
2026-09-02 01:01:49  supervisor starting -- account: COMPETITION (scored)
2026-09-02 01:01:49  will stop at 2026-09-03 20:00:00Z (Thu 3 Sep 16:00 ET)
2026-09-02 01:01:49  launching: python run.py --comp
2026-09-02 01:14:44  supervisor starting -- account: COMPETITION (scored)
2026-09-02 01:14:44  will stop at 2026-09-03 20:00:00Z (Thu 3 Sep 16:00 ET)
2026-09-02 01:14:44  launching: python run.py --comp
2026-09-02 20:35:05  supervisor starting -- account: COMPETITION (scored)
2026-09-02 20:35:05  will stop at 2026-09-03 20:00:00Z (Thu 3 Sep 16:00 ET)
2026-09-02 20:35:05  launching: python run.py --comp
2026-09-03 01:30:06  supervisor starting -- account: COMPETITION (scored)
2026-09-03 01:30:07  will stop at 2026-09-03 20:00:00Z (Thu 3 Sep 16:00 ET)
2026-09-03 01:30:07  launching: python run.py --comp
2026-09-03 01:59:39  exit -1 after 1773s -- restart #1 in 5s
2026-09-03 01:59:44  launching: python run.py --comp
2026-09-03 02:06:29  exit -1 after 404s -- restart #2 in 5s
2026-09-03 02:06:34  launching: python run.py --comp
2026-09-03 02:09:53  exit -1 after 199s -- restart #3 in 5s
2026-09-03 02:10:39  supervisor starting -- account: COMPETITION (scored)
2026-09-03 02:10:39  will stop at 2026-09-03 20:00:00Z (Thu 3 Sep 16:00 ET)
2026-09-03 02:10:39  launching: python run.py --comp
2026-09-03 02:19:36  exit -1 after 537s -- restart #1 in 5s
2026-09-03 02:19:41  launching: python run.py --comp
2026-09-03 02:32:58  exit -1 after 797s -- restart #2 in 5s
2026-09-03 02:33:03  launching: python run.py --comp
2026-09-03 02:53:17  exit -1 after 1214s -- restart #3 in 5s
2026-09-03 02:53:22  launching: python run.py --comp
2026-09-03 04:16:45  exit -1 after 5003s -- restart #4 in 5s
2026-09-03 04:16:50  launching: python run.py --comp
2026-09-03 04:41:51  exit -1 after 1501s -- restart #5 in 5s
2026-09-03 04:41:56  launching: python run.py --comp
