72 tools exposed; resolved 13:
  [ok  ] account              -> get_account_info
  [ok  ] activities           -> get_account_activities_by_type
  [ok  ] cancel_order         -> cancel_order_by_id
  [ok  ] most_active          -> get_most_active_stocks
  [ok  ] movers               -> get_market_movers
  [ok  ] option_chain         -> get_option_chain
  [ok  ] option_snapshot      -> get_option_snapshot
  [ok  ] order_by_client_id   -> get_order_by_client_id
  [ok  ] orders               -> get_orders
  [ok  ] place_option_order   -> place_option_order
  [ok  ] positions            -> get_all_positions
  [ok  ] stock_bars           -> get_stock_bars
  [ok  ] stock_quote          -> get_stock_latest_quote

*** COMPETITION ACCOUNT: orders here are scored ***


scanning the market for a universe...
  pool 100 -> priced 100 -> affordable 44 (max strike $250)
  scan produced 4 tradeable names, below UNIVERSE_MIN_NAMES=6. Keeping the configured universe.
universe (11, configured): NVDA, IBM, CVX, PLTR, XOM, PEP, CSCO, DIS, INTC, GM, UBER
2026-09-01 07:13 ET - market closed, waiting
2026-09-01 07:14 ET - market closed, waiting
2026-09-01 07:15 ET - market closed, waiting
2026-09-01 07:16 ET - market closed, waiting
