72 tools exposed; resolved 13:
  [ok  ] account              -> get_account_info
  [ok  ] activities           -> get_account_activities_by_type
  [ok  ] cancel_order         -> cancel_order_by_id
  [ok  ] most_active          -> get_most_active_stocks
  [ok  ] movers               -> get_market_movers
  [ok  ] option_chain         -> get_option_chain
  [ok  ] option_snapshot      -> get_option_snapshot
  [ok  ] order_by_client_id   -> get_order_by_client_id
  [ok  ] orders               -> get_orders
  [ok  ] place_option_order   -> place_option_order
  [ok  ] positions            -> get_all_positions
  [ok  ] stock_bars           -> get_stock_bars
  [ok  ] stock_quote          -> get_stock_latest_quote

*** COMPETITION ACCOUNT: orders here are scored ***


scanning the market for a universe...
  pool 100 -> priced 100 -> affordable 39 (max strike $249)
  thin market: 5 names cleared the gates, under the 6 PWT prefers. Trading them anyway -- they passed the same gates the configured list would have to.
  28 rejected by the gates before ranking
universe (7, scanned): INTC, PLTR, NVDA, DRAM, SPCX, HOOD, NFLX
  re-added 2 held name(s) absent from the scan: HOOD, NFLX
  NOTE: earnings are NOT verified for scanned names. Run with --no-scan to use the hand-checked list instead.
  ~ PLTR260904P00175000 itm: spot 168.37 at/through strike 175.00 (cycle 1/2)

========================================================================
cycle 25  2026-09-02T13:30:50 ET   equity $99,547.53   deployed 83%   dd 0.35%

  gates: 0/5 candidates runnable
    x NVDA   g6 portfolio_cap: deployed 104,750 > 85% cap 84,615
    x PLTR   g6 portfolio_cap: deployed 99,000 > 85% cap 84,615
    x SPCX   g6 portfolio_cap: deployed 96,350 > 85% cap 84,615
    x INTC   g6 portfolio_cap: deployed 91,450 > 85% cap 84,615
    x HOOD   g6 portfolio_cap: deployed 92,850 > 85% cap 84,615
  reconcile: no position change

  NO TRADE: no candidate passed all gates

  > No trades were executed because all five candidates (NVDA, PLTR, SPCX, INTC, and HOOD) failed the portfolio cap gate, as the projected deployed capital for each exceeded the 85% limit.

========================================================================
cycle 26  2026-09-02T13:57:31 ET   equity $0.00   deployed 0%   dd 0.00%

  NO TRADE: cycle raised
